
Discarded input sections

 .text          0x00000000        0x0 gcc/startup_TM4C.o
 .data          0x00000000        0x0 gcc/startup_TM4C.o
 .bss           0x00000000        0x0 gcc/startup_TM4C.o
 .text.SystemInit
                0x00000000        0xc gcc/startup_TM4C.o
 .text          0x00000000        0x0 gcc/Triciclo.o
 .data          0x00000000        0x0 gcc/Triciclo.o
 .bss           0x00000000        0x0 gcc/Triciclo.o
 .bss.test_variable
                0x00000000        0x2 gcc/Triciclo.o
 .text          0x00000000        0x0 gcc/GPIO.o
 .data          0x00000000        0x0 gcc/GPIO.o
 .bss           0x00000000        0x0 gcc/GPIO.o
 .text          0x00000000        0x0 gcc/Timers.o
 .data          0x00000000        0x0 gcc/Timers.o
 .bss           0x00000000        0x0 gcc/Timers.o
 .text          0x00000000        0x0 gcc/system_TM4C123.o
 .data          0x00000000        0x0 gcc/system_TM4C123.o
 .bss           0x00000000        0x0 gcc/system_TM4C123.o
 .data.SystemCoreClock
                0x00000000        0x4 gcc/system_TM4C123.o
 .text.getOscClk
                0x00000000      0x198 gcc/system_TM4C123.o
 .text.SystemCoreClockUpdate
                0x00000000      0x118 gcc/system_TM4C123.o
 .text          0x00000000        0x0 gcc/ADC.o
 .data          0x00000000        0x0 gcc/ADC.o
 .bss           0x00000000        0x0 gcc/ADC.o

Memory Configuration

Name             Origin             Length             Attributes
FLASH            0x00000000         0x00040000         xr
RAM              0x20000000         0x00008000         xrw
*default*        0x00000000         0xffffffff

Linker script and memory map

LOAD gcc/startup_TM4C.o
LOAD gcc/Triciclo.o
LOAD gcc/GPIO.o
LOAD gcc/Timers.o
LOAD gcc/system_TM4C123.o
LOAD gcc/ADC.o
LOAD /usr/local/gcc-arm-none-eabi-5_4-2016q3/bin/../lib/gcc/arm-none-eabi/5.4.1/../../../../arm-none-eabi/lib/armv7e-m/libm.a
LOAD /usr/local/gcc-arm-none-eabi-5_4-2016q3/bin/../lib/gcc/arm-none-eabi/5.4.1/../../../../arm-none-eabi/lib/armv7e-m/libc_nano.a
LOAD /usr/local/gcc-arm-none-eabi-5_4-2016q3/bin/../lib/gcc/arm-none-eabi/5.4.1/armv7e-m/libgcc.a
START GROUP
LOAD /usr/local/gcc-arm-none-eabi-5_4-2016q3/bin/../lib/gcc/arm-none-eabi/5.4.1/armv7e-m/libgcc.a
LOAD /usr/local/gcc-arm-none-eabi-5_4-2016q3/bin/../lib/gcc/arm-none-eabi/5.4.1/../../../../arm-none-eabi/lib/armv7e-m/libg_nano.a
LOAD /usr/local/gcc-arm-none-eabi-5_4-2016q3/bin/../lib/gcc/arm-none-eabi/5.4.1/../../../../arm-none-eabi/lib/armv7e-m/libc_nano.a
END GROUP
START GROUP
LOAD /usr/local/gcc-arm-none-eabi-5_4-2016q3/bin/../lib/gcc/arm-none-eabi/5.4.1/armv7e-m/libgcc.a
LOAD /usr/local/gcc-arm-none-eabi-5_4-2016q3/bin/../lib/gcc/arm-none-eabi/5.4.1/../../../../arm-none-eabi/lib/armv7e-m/libc_nano.a
END GROUP
                0x00000000                _text_start = .
                0x00000000                _text = .

.text           0x00000000      0xf50
 *(.nvictable)
 .nvictable     0x00000000      0x26c gcc/startup_TM4C.o
                0x00000000                nvictable
 *(.text*)
 .text.Default_Handler
                0x0000026c       0x18 gcc/startup_TM4C.o
                0x0000026c                TIMER16_4B_IRQHandler
                0x0000026c                TIMER64_3A_IRQHandler
                0x0000026c                DebugMon_Handler
                0x0000026c                I2C0_IRQHandler
                0x0000026c                TIMER64_0A_IRQHandler
                0x0000026c                TIMER16_1B_IRQHandler
                0x0000026c                HardFault_Handler
                0x0000026c                GPIOE_IRQHandler
                0x0000026c                GPIOB_IRQHandler
                0x0000026c                GPIOA_IRQHandler
                0x0000026c                SysTick_Handler
                0x0000026c                PendSV_Handler
                0x0000026c                NMI_Handler
                0x0000026c                TIMER64_4B_IRQHandler
                0x0000026c                I2C1_IRQHandler
                0x0000026c                UART1_IRQHandler
                0x0000026c                TIMER16_5B_IRQHandler
                0x0000026c                UART0_IRQHandler
                0x0000026c                SSI0_IRQHandler
                0x0000026c                UsageFault_Handler
                0x0000026c                Hibernation_IRQHandler
                0x0000026c                TIMER64_5A_IRQHandler
                0x0000026c                PORTD_IRQHandler
                0x0000026c                TIMER64_1A_IRQHandler
                0x0000026c                UDMAError_IRQHandler
                0x0000026c                SSI1_IRQHandler
                0x0000026c                GPIOF_IRQHandler
                0x0000026c                I2C2_IRQHandler
                0x0000026c                LPTimer_IRQHandler
                0x0000026c                Flash_IRQHandler
                0x0000026c                ACOMP1_IRQHandler
                0x0000026c                UART5_IRQHandler
                0x0000026c                GPIOD_IRQHandler
                0x0000026c                TIMER64_2A_IRQHandler
                0x0000026c                ACOMP0_IRQHandler
                0x0000026c                GPIOC_IRQHandler
                0x0000026c                UART2_IRQHandler
                0x0000026c                ADC1Seq0_IRQHandler
                0x0000026c                UART4_IRQHandler
                0x0000026c                TIMER16_3B_IRQHandler
                0x0000026c                TIMER16_3A_IRQHandler
                0x0000026c                TIMER64_0B_IRQHandler
                0x0000026c                Default_Handler
                0x0000026c                TIMER16_4A_IRQHandler
                0x0000026c                USB_IRQHandler
                0x0000026c                ADC1Seq2_IRQHandler
                0x0000026c                ADC1Seq1_IRQHandler
                0x0000026c                TIMER64_3B_IRQHandler
                0x0000026c                I2C3_IRQHandler
                0x0000026c                MemManage_Handler
                0x0000026c                WDT_IRQHandler
                0x0000026c                SysCtl_IRQHandler
                0x0000026c                SVC_Handler
                0x0000026c                ADC1Seq3_IRQHandler
                0x0000026c                System_IRQHandler
                0x0000026c                TIMER64_1B_IRQHandler
                0x0000026c                CAN0_IRQHandler
                0x0000026c                TIMER16_2B_IRQHandler
                0x0000026c                ADC0Seq2_IRQHandler
                0x0000026c                PORTA_IRQHandler
                0x0000026c                ADC0Seq3_IRQHandler
                0x0000026c                TIMER16_5A_IRQHandler
                0x0000026c                UART7_IRQHandler
                0x0000026c                UART6_IRQHandler
                0x0000026c                TIMER64_4A_IRQHandler
                0x0000026c                BusFault_Handler
                0x0000026c                UART3_IRQHandler
                0x0000026c                UDMASoft_IRQHandler
                0x0000026c                TIMER16_0B_IRQHandler
                0x0000026c                TIMER64_5B_IRQHandler
                0x0000026c                TIMER64_2B_IRQHandler
 .text._main    0x00000284        0xc gcc/startup_TM4C.o
                0x00000284                _main
 .text._stop    0x00000290        0x8 gcc/startup_TM4C.o
                0x00000290                _stop
 .text.Reset_Handler
                0x00000298       0x50 gcc/startup_TM4C.o
                0x00000298                Reset_Handler
 .text.NVIC_EnableIRQ
                0x000002e8       0x30 gcc/Triciclo.o
 .text.IoInit   0x00000318       0xac gcc/Triciclo.o
                0x00000318                IoInit
 .text.TimersInit
                0x000003c4       0x34 gcc/Triciclo.o
                0x000003c4                TimersInit
 .text.ADCInit  0x000003f8       0x54 gcc/Triciclo.o
                0x000003f8                ADCInit
 .text.IntInit  0x0000044c       0x28 gcc/Triciclo.o
                0x0000044c                IntInit
 .text.TIMER16_0A_IRQHandler
                0x00000474       0x18 gcc/Triciclo.o
                0x00000474                TIMER16_0A_IRQHandler
 .text.TIMER16_1A_IRQHandler
                0x0000048c       0x18 gcc/Triciclo.o
                0x0000048c                TIMER16_1A_IRQHandler
 .text.TIMER16_2A_IRQHandler
                0x000004a4       0x28 gcc/Triciclo.o
                0x000004a4                TIMER16_2A_IRQHandler
 .text.ADC0Seq0_IRQHandler
                0x000004cc       0x9c gcc/Triciclo.o
                0x000004cc                ADC0Seq0_IRQHandler
 .text.ADC0Seq1_IRQHandler
                0x00000568      0x138 gcc/Triciclo.o
                0x00000568                ADC0Seq1_IRQHandler
 .text.main     0x000006a0       0xd0 gcc/Triciclo.o
                0x000006a0                main
 .text.xdelay   0x00000770       0x20 gcc/GPIO.o
                0x00000770                xdelay
 .text.GetPortAdress
                0x00000790       0xe4 gcc/GPIO.o
                0x00000790                GetPortAdress
 .text.GPIOInit
                0x00000874       0x88 gcc/GPIO.o
                0x00000874                GPIOInit
 .text.GPIOReadPin
                0x000008fc       0x34 gcc/GPIO.o
                0x000008fc                GPIOReadPin
 .text.GPIOWritePin
                0x00000930       0x54 gcc/GPIO.o
                0x00000930                GPIOWritePin
 .text.GetTimerAdress
                0x00000984       0x6c gcc/Timers.o
                0x00000984                GetTimerAdress
 .text.ConfigureTimer
                0x000009f0       0x74 gcc/Timers.o
                0x000009f0                ConfigureTimer
 .text.EnableTimer
                0x00000a64       0x28 gcc/Timers.o
                0x00000a64                EnableTimer
 .text.DisableTimer
                0x00000a8c       0x28 gcc/Timers.o
                0x00000a8c                DisableTimer
 .text.ClearTimerInterruptStatus
                0x00000ab4       0x28 gcc/Timers.o
                0x00000ab4                ClearTimerInterruptStatus
 .text.SystemInit
                0x00000adc       0xb8 gcc/system_TM4C123.o
                0x00000adc                SystemInit
 .text.ConfigureADC
                0x00000b94      0x1f4 gcc/ADC.o
                0x00000b94                ConfigureADC
 .text.EnableSampleSequencer
                0x00000d88       0x4c gcc/ADC.o
                0x00000d88                EnableSampleSequencer
 .text.StartADCConversion
                0x00000dd4       0x4c gcc/ADC.o
                0x00000dd4                StartADCConversion
 .text.ClearADCInterruptStatus
                0x00000e20       0x4c gcc/ADC.o
                0x00000e20                ClearADCInterruptStatus
 .text.GetADCConversion
                0x00000e6c       0x94 gcc/ADC.o
                0x00000e6c                GetADCConversion
                0x00000f00                . = ALIGN (0x4)
 *(.rodata*)
 .rodata.CHARGE_MODE_PIN
                0x00000f00        0x8 gcc/Triciclo.o
                0x00000f00                CHARGE_MODE_PIN
 .rodata.DRIVE_MODE_PIN
                0x00000f08        0x8 gcc/Triciclo.o
                0x00000f08                DRIVE_MODE_PIN
 .rodata.START_MOTOR_PIN
                0x00000f10        0x8 gcc/Triciclo.o
                0x00000f10                START_MOTOR_PIN
 .rodata.CHARGE_PIN
                0x00000f18        0x8 gcc/Triciclo.o
                0x00000f18                CHARGE_PIN
 .rodata.MOTOR_PIN
                0x00000f20        0x8 gcc/Triciclo.o
                0x00000f20                MOTOR_PIN
 .rodata.RED_LED
                0x00000f28        0x8 gcc/Triciclo.o
                0x00000f28                RED_LED
 .rodata.BLUE_LED
                0x00000f30        0x8 gcc/Triciclo.o
                0x00000f30                BLUE_LED
 .rodata.GREEN_LED
                0x00000f38        0x8 gcc/Triciclo.o
                0x00000f38                GREEN_LED
 .rodata.VOLTAGE_READ_PIN
                0x00000f40        0x8 gcc/Triciclo.o
                0x00000f40                VOLTAGE_READ_PIN
 .rodata.CURRENT_READ_PIN
                0x00000f48        0x8 gcc/Triciclo.o
                0x00000f48                CURRENT_READ_PIN

.glue_7         0x00000f50        0x0
 .glue_7        0x00000f50        0x0 linker stubs

.glue_7t        0x00000f50        0x0
 .glue_7t       0x00000f50        0x0 linker stubs

.vfp11_veneer   0x00000f50        0x0
 .vfp11_veneer  0x00000f50        0x0 linker stubs

.v4_bx          0x00000f50        0x0
 .v4_bx         0x00000f50        0x0 linker stubs

.iplt           0x00000f50        0x0
 .iplt          0x00000f50        0x0 gcc/startup_TM4C.o

.rel.dyn        0x00000f50        0x0
 .rel.iplt      0x00000f50        0x0 gcc/startup_TM4C.o

.ARM.extab
 *(.ARM.extab* .gnu.linkonce.armextab.*)
                0x00000f50                _exidx_start = .

.ARM.exidx
 *(.ARM.exidx* .gnu.linkonce.armexidx.*)
                0x00000f50                _exidx_end = .
                0x00000f50                _text_end = .
                0x00000f50                _etext = .

.data           0x20000000        0x0 load address 0x00000f50
                0x20000000                . = ALIGN (0x4)
                0x20000000                _data_start = .
 *(.data*)
 *(vtable*)
                0x20000000                _data_end = .

.igot.plt       0x20000000        0x0
 .igot.plt      0x20000000        0x0 gcc/startup_TM4C.o

.bss            0x20000000        0x8
                0x20000000                . = ALIGN (0x4)
                0x20000000                _bss_start = .
 *(.bss*)
 .bss.intmask   0x20000000        0x4 gcc/startup_TM4C.o
 .bss.flag_motor
                0x20000004        0x1 gcc/Triciclo.o
                0x20000004                flag_motor
 .bss.flag_voltage_level
                0x20000005        0x1 gcc/Triciclo.o
                0x20000005                flag_voltage_level
                0x20000008                . = ALIGN (0x4)
 *fill*         0x20000006        0x2 
 *(COMMON*)
                0x20000008                . = ALIGN (0x4)
                0x20000008                _bss_end = .
                0x20000008                Heap_Mem = .

.heap           0x20000008        0x0
                0x20000008                _end = .
 *(.heap*)
                0x20000008                _HeapLimit = .

.stack_dummy    0x20000008        0x0
                0x20000008                . = ALIGN (0x4)
 *(.stack*)
                0x20008000                _StackTop = (ORIGIN (RAM) + LENGTH (RAM))
                0x20008000                _StackLimit = (_StackTop - SIZEOF (.stack_dummy))
                [!provide]                PROVIDE (_stack, _StackTop)
                0x00000001                ASSERT ((_StackLimit >= _HeapLimit), region RAM overflowed with stack)
OUTPUT(gcc/NOME_DO_PROJETO.axf elf32-littlearm)

.debug_info     0x00000000     0x47da
 .debug_info    0x00000000      0x1a2 gcc/startup_TM4C.o
 .debug_info    0x000001a2      0x644 gcc/Triciclo.o
 .debug_info    0x000007e6      0xf48 gcc/GPIO.o
 .debug_info    0x0000172e      0xf5f gcc/Timers.o
 .debug_info    0x0000268d      0xd31 gcc/system_TM4C123.o
 .debug_info    0x000033be     0x141c gcc/ADC.o

.debug_abbrev   0x00000000      0x877
 .debug_abbrev  0x00000000       0xd4 gcc/startup_TM4C.o
 .debug_abbrev  0x000000d4      0x1b3 gcc/Triciclo.o
 .debug_abbrev  0x00000287      0x1c3 gcc/GPIO.o
 .debug_abbrev  0x0000044a      0x124 gcc/Timers.o
 .debug_abbrev  0x0000056e      0x14a gcc/system_TM4C123.o
 .debug_abbrev  0x000006b8      0x1bf gcc/ADC.o

.debug_aranges  0x00000000      0x1a0
 .debug_aranges
                0x00000000       0x40 gcc/startup_TM4C.o
 .debug_aranges
                0x00000040       0x70 gcc/Triciclo.o
 .debug_aranges
                0x000000b0       0x40 gcc/GPIO.o
 .debug_aranges
                0x000000f0       0x40 gcc/Timers.o
 .debug_aranges
                0x00000130       0x30 gcc/system_TM4C123.o
 .debug_aranges
                0x00000160       0x40 gcc/ADC.o

.debug_ranges   0x00000000      0x140
 .debug_ranges  0x00000000       0x30 gcc/startup_TM4C.o
 .debug_ranges  0x00000030       0x60 gcc/Triciclo.o
 .debug_ranges  0x00000090       0x30 gcc/GPIO.o
 .debug_ranges  0x000000c0       0x30 gcc/Timers.o
 .debug_ranges  0x000000f0       0x20 gcc/system_TM4C123.o
 .debug_ranges  0x00000110       0x30 gcc/ADC.o

.debug_line     0x00000000      0xb2b
 .debug_line    0x00000000      0x191 gcc/startup_TM4C.o
 .debug_line    0x00000191      0x29a gcc/Triciclo.o
 .debug_line    0x0000042b      0x1a7 gcc/GPIO.o
 .debug_line    0x000005d2      0x194 gcc/Timers.o
 .debug_line    0x00000766      0x201 gcc/system_TM4C123.o
 .debug_line    0x00000967      0x1c4 gcc/ADC.o

.debug_str      0x00000000     0x10f1
 .debug_str     0x00000000      0x219 gcc/startup_TM4C.o
                                0x25e (size before relaxing)
 .debug_str     0x00000219      0x58f gcc/Triciclo.o
                                0x816 (size before relaxing)
 .debug_str     0x000007a8      0x60c gcc/GPIO.o
                                0x81e (size before relaxing)
 .debug_str     0x00000db4       0xf7 gcc/Timers.o
                                0x886 (size before relaxing)
 .debug_str     0x00000eab       0x59 gcc/system_TM4C123.o
                                0x7e1 (size before relaxing)
 .debug_str     0x00000f04      0x1ed gcc/ADC.o
                                0x9ec (size before relaxing)

.comment        0x00000000       0x6e
 .comment       0x00000000       0x6e gcc/startup_TM4C.o
                                 0x6f (size before relaxing)
 .comment       0x0000006e       0x6f gcc/Triciclo.o
 .comment       0x0000006e       0x6f gcc/GPIO.o
 .comment       0x0000006e       0x6f gcc/Timers.o
 .comment       0x0000006e       0x6f gcc/system_TM4C123.o
 .comment       0x0000006e       0x6f gcc/ADC.o

.ARM.attributes
                0x00000000       0x33
 .ARM.attributes
                0x00000000       0x33 gcc/startup_TM4C.o
 .ARM.attributes
                0x00000033       0x33 gcc/Triciclo.o
 .ARM.attributes
                0x00000066       0x33 gcc/GPIO.o
 .ARM.attributes
                0x00000099       0x33 gcc/Timers.o
 .ARM.attributes
                0x000000cc       0x33 gcc/system_TM4C123.o
 .ARM.attributes
                0x000000ff       0x33 gcc/ADC.o

.debug_frame    0x00000000      0x4d8
 .debug_frame   0x00000000       0x90 gcc/startup_TM4C.o
 .debug_frame   0x00000090      0x158 gcc/Triciclo.o
 .debug_frame   0x000001e8       0xcc gcc/GPIO.o
 .debug_frame   0x000002b4       0xc8 gcc/Timers.o
 .debug_frame   0x0000037c       0x84 gcc/system_TM4C123.o
 .debug_frame   0x00000400       0xd8 gcc/ADC.o
